
===== gapfade  configs-with-trades 72900  passers 326
 0950-1030 t1s1: n=3716 share tr>0 0.93 va>0 0.30 both 0.25 corr -0.10 | base tr +0.009/+0.026 va -0.023/-0.039 | core tr +0.035 (t+0.8, n16439) va +0.017 (t+0.3, n5509) | passers 27
 0950-1030 t05s1: n=3716 share tr>0 0.87 va>0 0.18 both 0.15 corr +0.04 | base tr -0.022/-0.002 va -0.044/-0.034 | core tr -0.016 (t-0.5, n16439) va -0.022 (t-0.6, n5509) | passers 18
 0950-1030 t1s05: n=3716 share tr>0 0.98 va>0 0.35 both 0.33 corr -0.03 | base tr -0.003/+0.008 va -0.027/-0.024 | core tr +0.008 (t+0.2, n16439) va -0.014 (t-0.4, n5509) | passers 281
 1000-1100 t1s1: n=4209 share tr>0 0.31 va>0 0.00 both 0.00 corr +0.17 | base tr -0.010/-0.004 va -0.035/-0.096 | core tr +0.048 (t+1.2, n16816) va +0.037 (t+0.6, n5614) | passers 0
 1000-1100 t05s1: n=4209 share tr>0 0.15 va>0 0.01 both 0.00 corr +0.10 | base tr -0.031/-0.019 va -0.055/-0.079 | core tr +0.012 (t+0.4, n16816) va +0.012 (t+0.3, n5614) | passers 0
 1000-1100 t1s05: n=4209 share tr>0 0.37 va>0 0.01 both 0.00 corr +0.09 | base tr -0.014/-0.013 va -0.034/-0.061 | core tr +0.021 (t+0.7, n16816) va +0.018 (t+0.4, n5614) | passers 0
 1030-1130 t1s1: n=4585 share tr>0 0.01 va>0 0.00 both 0.00 corr +0.02 | base tr -0.033/-0.018 va -0.046/-0.137 | core tr +0.027 (t+0.6, n15729) va -0.155 (t-1.9, n5242) | passers 0
 1030-1130 t05s1: n=4585 share tr>0 0.04 va>0 0.00 both 0.00 corr -0.07 | base tr -0.047/-0.022 va -0.071/-0.120 | core tr +0.016 (t+0.6, n15729) va -0.134 (t-2.4, n5242) | passers 0
 1030-1130 t1s05: n=4585 share tr>0 0.01 va>0 0.01 both 0.00 corr -0.18 | base tr -0.029/-0.023 va -0.052/-0.101 | core tr +0.020 (t+0.7, n15729) va -0.102 (t-1.9, n5242) | passers 0
 1100-1200 t1s1: n=4773 share tr>0 0.02 va>0 0.00 both 0.00 corr +0.11 | base tr -0.039/-0.030 va -0.017/-0.107 | core tr -0.014 (t-0.3, n14887) va -0.123 (t-1.5, n4773) | passers 0
 1100-1200 t05s1: n=4773 share tr>0 0.03 va>0 0.01 both 0.00 corr +0.11 | base tr -0.054/-0.029 va -0.045/-0.086 | core tr -0.031 (t-1.0, n14887) va -0.123 (t-1.9, n4773) | passers 0
 1100-1200 t1s05: n=4773 share tr>0 0.00 va>0 0.02 both 0.00 corr -0.19 | base tr -0.037/-0.026 va -0.035/-0.088 | core tr -0.010 (t-0.3, n14887) va -0.103 (t-1.8, n4773) | passers 0
 1130-1300 t1s1: n=4830 share tr>0 0.00 va>0 0.00 both 0.00 corr +0.19 | base tr -0.026/-0.055 va +0.010/-0.103 | core tr -0.036 (t-0.7, n14842) va -0.072 (t-1.2, n4689) | passers 0
 1130-1300 t05s1: n=4830 share tr>0 0.00 va>0 0.00 both 0.00 corr +0.42 | base tr -0.039/-0.049 va -0.013/-0.064 | core tr -0.040 (t-1.1, n14842) va -0.070 (t-1.4, n4689) | passers 0
 1130-1300 t1s05: n=4830 share tr>0 0.00 va>0 0.01 both 0.00 corr +0.09 | base tr -0.025/-0.034 va -0.023/-0.097 | core tr -0.044 (t-1.3, n14842) va -0.062 (t-1.1, n4689) | passers 0
  0950-1030 t1s05 [2, 0, 0, 0, 2, 0, 1] | tr +0.177 t+2.10 n197 | va +0.195 t+2.06 n32 exb +0.155 grn 0.73 prod +0.154 | pl +0.108/-0.070 plt +0.150 | gap > 2; fromOpen < 0; vwapDistPct < 0; rsi < 35; flow3 < 0
  0950-1030 t1s05 [2, 1, 0, 0, 2, 0, 1] | tr +0.177 t+2.10 n197 | va +0.195 t+2.06 n32 exb +0.155 grn 0.73 prod +0.154 | pl +0.116/-0.070 plt +0.153 | gap > 2; fromOpen < -0.5; vwapDistPct < 0; rsi < 35; flow3 < 0
  0950-1030 t1s05 [2, 2, 0, 0, 2, 0, 1] | tr +0.177 t+2.10 n197 | va +0.195 t+2.06 n32 exb +0.155 grn 0.73 prod +0.154 | pl +0.111/-0.070 plt +0.152 | gap > 2; fromOpen < -1; vwapDistPct < 0; rsi < 35; flow3 < 0
  0950-1030 t1s1 [2, 0, 0, 0, 2, 0, 0] | tr +0.189 t+1.97 n209 | va +0.266 t+1.86 n35 exb +0.182 grn 0.64 prod +0.238 | pl +0.139/-0.064 plt +0.168 | gap > 2; fromOpen < 0; vwapDistPct < 0; rsi < 35
  0950-1030 t1s1 [2, 1, 0, 0, 2, 0, 0] | tr +0.189 t+1.97 n209 | va +0.266 t+1.86 n35 exb +0.182 grn 0.64 prod +0.238 | pl +0.153/-0.064 plt +0.171 | gap > 2; fromOpen < -0.5; vwapDistPct < 0; rsi < 35
  0950-1030 t1s1 [2, 2, 0, 0, 2, 0, 0] | tr +0.189 t+1.97 n209 | va +0.266 t+1.86 n35 exb +0.182 grn 0.64 prod +0.238 | pl +0.152/-0.059 plt +0.171 | gap > 2; fromOpen < -1; vwapDistPct < 0; rsi < 35
  0950-1030 t1s05 [2, 0, 0, 1, 2, 0, 0] | tr +0.152 t+1.79 n206 | va +0.197 t+1.87 n34 exb +0.161 grn 0.55 prod +0.161 | pl +0.118/-0.083 plt +0.139 | gap > 2; fromOpen < 0; vwapDistPct < 0; momentum < 0; rsi < 35
  0950-1030 t1s05 [2, 1, 0, 1, 2, 0, 0] | tr +0.152 t+1.79 n206 | va +0.197 t+1.87 n34 exb +0.161 grn 0.55 prod +0.161 | pl +0.126/-0.083 plt +0.141 | gap > 2; fromOpen < -0.5; vwapDistPct < 0; momentum < 0; rsi < 35
  0950-1030 t1s05 [2, 2, 0, 1, 2, 0, 0] | tr +0.152 t+1.79 n206 | va +0.197 t+1.87 n34 exb +0.161 grn 0.55 prod +0.161 | pl +0.126/-0.081 plt +0.140 | gap > 2; fromOpen < -1; vwapDistPct < 0; momentum < 0; rsi < 35
  0950-1030 t1s05 [2, 3, 0, 1, 2, 0, 0] | tr +0.152 t+1.79 n206 | va +0.197 t+1.87 n34 exb +0.161 grn 0.55 prod +0.161 | pl +0.112/-0.071 plt +0.139 | gap > 2; fromOpen < -2; vwapDistPct < 0; momentum < 0; rsi < 35
  0950-1030 t1s05 [2, 0, 0, 2, 2, 0, 0] | tr +0.151 t+1.78 n204 | va +0.197 t+1.87 n34 exb +0.161 grn 0.55 prod +0.161 | pl +0.105/-0.083 plt +0.132 | gap > 2; fromOpen < 0; vwapDistPct < 0; momentum < -0.5; rsi < 35
  0950-1030 t1s05 [2, 1, 0, 2, 2, 0, 0] | tr +0.151 t+1.78 n204 | va +0.197 t+1.87 n34 exb +0.161 grn 0.55 prod +0.161 | pl +0.115/-0.083 plt +0.134 | gap > 2; fromOpen < -0.5; vwapDistPct < 0; momentum < -0.5; rsi < 35

===== bottom  configs-with-trades 17673  passers 101
 1030-1200 t1s1: n=1432 share tr>0 0.10 va>0 0.63 both 0.02 corr -0.35 | base tr -0.057/-0.059 va -0.084/-0.001 | core tr -0.121 (t-2.9, n17308) va +0.025 (t+0.3, n5634) | passers 2
 1030-1200 t05s1: n=1432 share tr>0 0.05 va>0 0.40 both 0.00 corr -0.37 | base tr -0.059/-0.057 va -0.073/-0.027 | core tr -0.112 (t-3.6, n17308) va -0.028 (t-0.5, n5634) | passers 0
 1030-1200 t1s05: n=1432 share tr>0 0.08 va>0 0.45 both 0.01 corr -0.33 | base tr -0.042/-0.055 va -0.059/-0.015 | core tr -0.109 (t-3.9, n17308) va +0.008 (t+0.1, n5634) | passers 0
 1105-1330 t1s1: n=1488 share tr>0 0.13 va>0 0.56 both 0.07 corr -0.07 | base tr -0.059/-0.033 va -0.107/-0.016 | core tr -0.066 (t-1.6, n17140) va +0.030 (t+0.5, n5495) | passers 15
 1105-1330 t05s1: n=1488 share tr>0 0.04 va>0 0.40 both 0.02 corr +0.02 | base tr -0.061/-0.046 va -0.079/-0.018 | core tr -0.075 (t-2.4, n17140) va +0.010 (t+0.2, n5495) | passers 5
 1105-1330 t1s05: n=1488 share tr>0 0.04 va>0 0.30 both 0.01 corr -0.15 | base tr -0.048/-0.039 va -0.081/-0.036 | core tr -0.055 (t-1.7, n17140) va +0.005 (t+0.1, n5495) | passers 0
 1200-1430 t1s1: n=1514 share tr>0 0.26 va>0 0.34 both 0.14 corr +0.32 | base tr -0.058/-0.016 va -0.127/-0.039 | core tr -0.046 (t-1.1, n16470) va -0.045 (t-1.1, n5274) | passers 55
 1200-1430 t05s1: n=1514 share tr>0 0.14 va>0 0.26 both 0.07 corr +0.38 | base tr -0.061/-0.034 va -0.097/-0.033 | core tr -0.057 (t-1.8, n16470) va -0.045 (t-1.5, n5274) | passers 16
 1200-1430 t1s05: n=1514 share tr>0 0.13 va>0 0.17 both 0.04 corr +0.21 | base tr -0.052/-0.025 va -0.103/-0.057 | core tr -0.052 (t-1.6, n16470) va -0.078 (t-2.9, n5274) | passers 8
  1200-1430 t1s1 [0, 1, 0, 1, 1, 2, 1, 1] | tr +0.154 t+1.86 n104 | va +0.198 t+2.50 n35 exb +0.163 grn 0.75 prod +0.169 | pl +0.138/-0.044 plt +0.118 | gap > 0; fromOpen < -1; bull_div == 1; lower_wick > 0.4; dist_lod_atr > 0.2; rsiSlope > 0; flowflip > 0
  1200-1430 t1s1 [0, 2, 0, 1, 2, 0, 0, 1] | tr +0.075 t+1.70 n479 | va +0.128 t+1.80 n90 exb +0.115 grn 0.62 prod +0.099 | pl +0.096/-0.027 plt +0.050 | gap > 0; fromOpen < -2; bull_div == 1; lower_wick > 0.6; flowflip > 0
  1200-1430 t1s1 [1, 2, 0, 1, 2, 0, 1, 0] | tr +0.090 t+1.65 n287 | va +0.326 t+2.45 n43 exb +0.258 grn 0.73 prod +0.306 | pl +0.276/+0.017 plt +0.066 | gap > 1; fromOpen < -2; bull_div == 1; lower_wick > 0.6; rsiSlope > 0
  1105-1330 t1s1 [0, 2, 0, 1, 1, 0, 2, 0] | tr +0.057 t+1.09 n665 | va +0.102 t+2.61 n151 exb +0.092 grn 0.77 prod +0.069 | pl +0.050/-0.032 plt +0.027 | gap > 0; fromOpen < -2; bull_div == 1; lower_wick > 0.4; rsiSlope > 5
  1200-1430 t1s1 [0, 1, 0, 1, 1, 1, 1, 2] | tr +0.082 t+1.03 n149 | va +0.202 t+2.19 n37 exb +0.121 grn 0.73 prod +0.168 | pl +0.140/-0.133 plt +0.070 | gap > 0; fromOpen < -1; bull_div == 1; lower_wick > 0.4; dist_lod_atr > 0.1; rsiSlope > 0; flowflip > 0.5
  1200-1430 t05s1 [1, 1, 0, 1, 2, 0, 0, 1] | tr +0.036 t+1.02 n412 | va +0.195 t+3.71 n62 exb +0.176 grn 0.79 prod +0.171 | pl +0.124/+0.014 plt +0.012 | gap > 1; fromOpen < -1; bull_div == 1; lower_wick > 0.6; flowflip > 0
  1200-1430 t1s1 [1, 1, 0, 1, 2, 0, 0, 1] | tr +0.051 t+0.96 n412 | va +0.318 t+3.95 n62 exb +0.275 grn 0.79 prod +0.294 | pl +0.232/+0.006 plt +0.031 | gap > 1; fromOpen < -1; bull_div == 1; lower_wick > 0.6; flowflip > 0
  1200-1430 t1s1 [0, 2, 0, 0, 2, 2, 2, 2] | tr +0.073 t+0.95 n365 | va +0.158 t+1.58 n73 exb +0.112 grn 0.64 prod +0.132 | pl +0.103/-0.004 plt +0.026 | gap > 0; fromOpen < -2; lower_wick > 0.6; dist_lod_atr > 0.2; rsiSlope > 5; flowflip > 0.5
  1200-1430 t05s1 [1, 2, 0, 0, 2, 1, 2, 2] | tr +0.045 t+0.91 n407 | va +0.130 t+2.04 n79 exb +0.104 grn 0.85 prod +0.105 | pl +0.052/-0.037 plt +0.018 | gap > 1; fromOpen < -2; lower_wick > 0.6; dist_lod_atr > 0.1; rsiSlope > 5; flowflip > 0.5
  1200-1430 t1s1 [0, 2, 0, 0, 2, 1, 2, 2] | tr +0.068 t+0.91 n734 | va +0.164 t+3.25 n156 exb +0.150 grn 0.71 prod +0.138 | pl +0.105/+0.013 plt +0.052 | gap > 0; fromOpen < -2; lower_wick > 0.6; dist_lod_atr > 0.1; rsiSlope > 5; flowflip > 0.5
  1200-1430 t1s1 [0, 2, 0, 0, 2, 1, 1, 2] | tr +0.059 t+0.89 n969 | va +0.120 t+2.13 n203 exb +0.092 grn 0.64 prod +0.094 | pl +0.090/+0.002 plt +0.047 | gap > 0; fromOpen < -2; lower_wick > 0.6; dist_lod_atr > 0.1; rsiSlope > 0; flowflip > 0.5
  1200-1430 t1s1 [0, 2, 0, 1, 1, 0, 2, 0] | tr +0.043 t+0.88 n612 | va +0.115 t+2.20 n143 exb +0.093 grn 0.71 prod +0.085 | pl +0.095/+0.005 plt +0.032 | gap > 0; fromOpen < -2; bull_div == 1; lower_wick > 0.4; rsiSlope > 5

===== orbext  configs-with-trades 17280  passers 0
 0950-1030 t1s1: n=1920 share tr>0 0.00 va>0 0.00 both 0.00 corr +0.12 | base tr -0.101/-0.069 va -0.086/-0.165 | core tr -0.064 (t-1.6, n7762) va -0.154 (t-2.8, n2313) | passers 0
 0950-1030 t05s1: n=1920 share tr>0 0.00 va>0 0.00 both 0.00 corr +0.75 | base tr -0.089/-0.072 va -0.083/-0.147 | core tr -0.064 (t-2.6, n7762) va -0.133 (t-3.4, n2313) | passers 0
 0950-1030 t1s05: n=1920 share tr>0 0.00 va>0 0.00 both 0.00 corr +0.62 | base tr -0.070/-0.050 va -0.066/-0.116 | core tr -0.036 (t-1.3, n7762) va -0.125 (t-3.2, n2313) | passers 0
 0950-1130 t1s1: n=1920 share tr>0 0.00 va>0 0.00 both 0.00 corr +0.13 | base tr -0.074/-0.063 va -0.072/-0.128 | core tr -0.057 (t-1.6, n12749) va -0.125 (t-2.7, n3855) | passers 0
 0950-1130 t05s1: n=1920 share tr>0 0.00 va>0 0.00 both 0.00 corr +0.50 | base tr -0.071/-0.067 va -0.067/-0.117 | core tr -0.053 (t-2.4, n12749) va -0.110 (t-3.9, n3855) | passers 0
 0950-1130 t1s05: n=1920 share tr>0 0.00 va>0 0.00 both 0.00 corr +0.24 | base tr -0.053/-0.038 va -0.050/-0.084 | core tr -0.032 (t-1.3, n12749) va -0.093 (t-2.9, n3855) | passers 0
 1000-1130 t1s1: n=1920 share tr>0 0.00 va>0 0.00 both 0.00 corr -0.16 | base tr -0.072/-0.063 va -0.067/-0.118 | core tr -0.054 (t-1.5, n10899) va -0.122 (t-2.0, n3295) | passers 0
 1000-1130 t05s1: n=1920 share tr>0 0.00 va>0 0.00 both 0.00 corr +0.17 | base tr -0.071/-0.067 va -0.064/-0.109 | core tr -0.048 (t-2.1, n10899) va -0.114 (t-3.3, n3295) | passers 0
 1000-1130 t1s05: n=1920 share tr>0 0.00 va>0 0.00 both 0.00 corr -0.01 | base tr -0.053/-0.040 va -0.045/-0.073 | core tr -0.038 (t-1.5, n10899) va -0.083 (t-2.1, n3295) | passers 0

===== failbo  configs-with-trades 62208  passers 1410
 1000-1100 t1s1: n=5628 share tr>0 0.77 va>0 0.34 both 0.27 corr +0.11 | base tr -0.010/+0.016 va -0.035/-0.063 | core tr +0.038 (t+1.1, n15313) va -0.020 (t-0.4, n6350) | passers 304
 1000-1100 t05s1: n=5628 share tr>0 0.32 va>0 0.50 both 0.17 corr +0.11 | base tr -0.031/-0.012 va -0.055/-0.066 | core tr -0.008 (t-0.4, n15313) va -0.044 (t-1.1, n6350) | passers 278
 1000-1100 t1s05: n=5628 share tr>0 0.42 va>0 0.48 both 0.22 corr -0.07 | base tr -0.014/-0.000 va -0.034/-0.048 | core tr -0.006 (t-0.3, n15313) va -0.027 (t-0.8, n6350) | passers 224
 1000-1200 t1s1: n=6027 share tr>0 0.78 va>0 0.24 both 0.22 corr +0.08 | base tr -0.025/-0.018 va -0.025/-0.052 | core tr +0.027 (t+0.9, n18354) va -0.023 (t-0.5, n7133) | passers 200
 1000-1200 t05s1: n=6027 share tr>0 0.37 va>0 0.36 both 0.20 corr +0.44 | base tr -0.042/-0.036 va -0.049/-0.062 | core tr -0.015 (t-0.9, n18354) va -0.051 (t-1.5, n7133) | passers 280
 1000-1200 t1s05: n=6027 share tr>0 0.50 va>0 0.30 both 0.20 corr -0.03 | base tr -0.026/-0.020 va -0.034/-0.046 | core tr -0.009 (t-0.5, n18354) va -0.035 (t-1.2, n7133) | passers 107
 1030-1300 t1s1: n=6162 share tr>0 0.76 va>0 0.06 both 0.05 corr -0.14 | base tr -0.029/-0.029 va -0.013/-0.036 | core tr +0.030 (t+1.0, n19098) va -0.046 (t-0.6, n7259) | passers 4
 1030-1300 t05s1: n=6162 share tr>0 0.60 va>0 0.08 both 0.06 corr +0.12 | base tr -0.042/-0.038 va -0.036/-0.050 | core tr -0.000 (t-0.0, n19098) va -0.075 (t-1.7, n7259) | passers 10
 1030-1300 t1s05: n=6162 share tr>0 0.62 va>0 0.08 both 0.07 corr +0.00 | base tr -0.026/-0.024 va -0.035/-0.044 | core tr +0.019 (t+1.0, n19098) va -0.047 (t-1.0, n7259) | passers 3
  1030-1300 t05s1 [2, 3, 1, 1, 1, 2, 2] | tr +0.117 t+2.47 n228 | va +0.127 t+2.04 n68 exb +0.126 grn 0.75 prod +0.098 | pl +0.053/-0.070 plt +0.096 | hod_fo_atr >= 0.75; dist_hod_atr >= 0.6; fo_atr < 0.3; vwapDistPct < 0.25; upper_wick > 0.3; momentum < -0.5; gap > 1
  1030-1300 t05s1 [2, 3, 1, 2, 1, 2, 2] | tr +0.103 t+2.27 n228 | va +0.127 t+2.04 n68 exb +0.126 grn 0.75 prod +0.098 | pl +0.055/-0.070 plt +0.090 | hod_fo_atr >= 0.75; dist_hod_atr >= 0.6; fo_atr < 0.3; vwapDistPct < 0; upper_wick > 0.3; momentum < -0.5; gap > 1
  1030-1300 t05s1 [2, 3, 1, 3, 1, 2, 2] | tr +0.112 t+2.41 n225 | va +0.127 t+2.04 n68 exb +0.126 grn 0.75 prod +0.098 | pl +0.046/-0.070 plt +0.091 | hod_fo_atr >= 0.75; dist_hod_atr >= 0.6; fo_atr < 0.3; vwapDistPct < -0.25; upper_wick > 0.3; momentum < -0.5; gap > 1
  1000-1200 t1s1 [2, 3, 0, 1, 0, 2, 2] | tr +0.128 t+1.80 n283 | va +0.230 t+1.81 n94 exb +0.148 grn 0.67 prod +0.195 | pl +0.156/-0.001 plt +0.107 | hod_fo_atr >= 0.75; dist_hod_atr >= 0.6; fo_atr < 0.5; vwapDistPct < 0.25; momentum < -0.5; gap > 1
  1000-1200 t1s05 [2, 3, 0, 0, 0, 1, 2] | tr +0.079 t+1.80 n301 | va +0.149 t+1.73 n98 exb +0.058 grn 0.54 prod +0.108 | pl +0.077/-0.101 plt +0.055 | hod_fo_atr >= 0.75; dist_hod_atr >= 0.6; fo_atr < 0.5; momentum < 0; gap > 1
  1030-1300 t05s1 [2, 3, 1, 0, 1, 2, 2] | tr +0.113 t+2.36 n230 | va +0.110 t+1.73 n69 exb +0.098 grn 0.69 prod +0.081 | pl +0.039/-0.081 plt +0.088 | hod_fo_atr >= 0.75; dist_hod_atr >= 0.6; fo_atr < 0.3; upper_wick > 0.3; momentum < -0.5; gap > 1
  1030-1300 t05s1 [2, 3, 1, 1, 1, 0, 2] | tr +0.096 t+2.45 n292 | va +0.107 t+1.72 n81 exb +0.059 grn 0.67 prod +0.074 | pl +0.025/-0.100 plt +0.082 | hod_fo_atr >= 0.75; dist_hod_atr >= 0.6; fo_atr < 0.3; vwapDistPct < 0.25; upper_wick > 0.3; gap > 1
  1030-1300 t05s1 [2, 3, 1, 2, 1, 0, 2] | tr +0.086 t+2.27 n292 | va +0.107 t+1.72 n81 exb +0.059 grn 0.67 prod +0.074 | pl +0.026/-0.100 plt +0.075 | hod_fo_atr >= 0.75; dist_hod_atr >= 0.6; fo_atr < 0.3; vwapDistPct < 0; upper_wick > 0.3; gap > 1
  1000-1200 t1s1 [2, 3, 0, 0, 0, 1, 2] | tr +0.113 t+1.81 n301 | va +0.218 t+1.72 n98 exb +0.136 grn 0.62 prod +0.181 | pl +0.139/-0.019 plt +0.091 | hod_fo_atr >= 0.75; dist_hod_atr >= 0.6; fo_atr < 0.5; momentum < 0; gap > 1
  1030-1300 t1s05 [2, 3, 1, 0, 1, 0, 1] | tr +0.068 t+1.94 n526 | va +0.089 t+1.72 n208 exb +0.060 grn 0.57 prod +0.035 | pl +0.036/-0.042 plt +0.050 | hod_fo_atr >= 0.75; dist_hod_atr >= 0.6; fo_atr < 0.3; upper_wick > 0.3; gap > 0
  1000-1100 t1s1 [2, 3, 1, 3, 0, 2, 2] | tr +0.146 t+1.71 n166 | va +0.249 t+1.94 n70 exb +0.146 grn 0.50 prod +0.213 | pl +0.178/+0.042 plt +0.103 | hod_fo_atr >= 0.75; dist_hod_atr >= 0.6; fo_atr < 0.3; vwapDistPct < -0.25; momentum < -0.5; gap > 1
  1000-1100 t1s1 [2, 0, 2, 3, 0, 2, 2] | tr +0.168 t+1.71 n141 | va +0.225 t+1.75 n58 exb +0.091 grn 0.50 prod +0.189 | pl +0.154/+0.003 plt +0.139 | hod_fo_atr >= 0.75; dist_hod_atr >= 0.2; fo_atr < 0.15; vwapDistPct < -0.25; momentum < -0.5; gap > 1

===== mexh  configs-with-trades 21189  passers 0
 0950-1030 t1s1: n=1242 share tr>0 0.02 va>0 0.18 both 0.00 corr +0.21 | base tr +0.009/-0.037 va -0.023/+0.006 | core tr -0.044 (t-1.1, n19221) va +0.019 (t+0.4, n4873) | passers 0
 0950-1030 t05s1: n=1242 share tr>0 0.00 va>0 0.02 both 0.00 corr +0.04 | base tr -0.022/-0.062 va -0.044/-0.031 | core tr -0.076 (t-2.8, n19221) va -0.026 (t-0.7, n4873) | passers 0
 0950-1030 t1s05: n=1242 share tr>0 0.01 va>0 0.29 both 0.00 corr +0.05 | base tr -0.003/-0.038 va -0.027/+0.009 | core tr -0.043 (t-1.5, n19221) va +0.010 (t+0.3, n4873) | passers 0
 0950-1130 t1s1: n=1574 share tr>0 0.09 va>0 0.02 both 0.00 corr -0.19 | base tr -0.018/-0.043 va -0.036/-0.032 | core tr -0.045 (t-1.2, n25538) va +0.007 (t+0.2, n7065) | passers 0
 0950-1130 t05s1: n=1574 share tr>0 0.03 va>0 0.00 both 0.00 corr -0.32 | base tr -0.039/-0.068 va -0.059/-0.062 | core tr -0.076 (t-3.1, n25538) va -0.040 (t-1.2, n7065) | passers 0
 0950-1130 t1s05: n=1574 share tr>0 0.04 va>0 0.08 both 0.00 corr -0.13 | base tr -0.021/-0.038 va -0.042/-0.021 | core tr -0.042 (t-1.7, n25538) va -0.003 (t-0.1, n7065) | passers 0
 1030-1130 t1s1: n=1145 share tr>0 0.27 va>0 0.01 both 0.00 corr -0.35 | base tr -0.033/-0.050 va -0.046/-0.065 | core tr -0.042 (t-1.1, n15871) va -0.035 (t-0.5, n4634) | passers 0
 1030-1130 t05s1: n=1145 share tr>0 0.09 va>0 0.00 both 0.00 corr -0.45 | base tr -0.047/-0.075 va -0.071/-0.088 | core tr -0.067 (t-2.2, n15871) va -0.060 (t-1.2, n4634) | passers 0
 1030-1130 t1s05: n=1145 share tr>0 0.16 va>0 0.00 both 0.00 corr -0.04 | base tr -0.029/-0.038 va -0.052/-0.047 | core tr -0.030 (t-1.1, n15871) va -0.026 (t-0.6, n4634) | passers 0

===== vwaploss  configs-with-trades 8748  passers 26
 1000-1130 t1s1: n=837 share tr>0 0.87 va>0 0.12 both 0.11 corr +0.41 | base tr -0.020/+0.016 va -0.041/-0.050 | core tr +0.028 (t+0.9, n34943) va -0.059 (t-1.2, n12660) | passers 0
 1000-1130 t05s1: n=837 share tr>0 0.51 va>0 0.14 both 0.07 corr +0.05 | base tr -0.038/-0.010 va -0.064/-0.070 | core tr -0.002 (t-0.1, n34943) va -0.079 (t-2.3, n12660) | passers 13
 1000-1130 t1s05: n=837 share tr>0 0.74 va>0 0.09 both 0.07 corr +0.24 | base tr -0.021/+0.002 va -0.045/-0.053 | core tr -0.002 (t-0.1, n34943) va -0.058 (t-1.9, n12660) | passers 2
 1000-1300 t1s1: n=922 share tr>0 0.83 va>0 0.10 both 0.08 corr +0.40 | base tr -0.023/+0.015 va -0.015/-0.026 | core tr +0.025 (t+0.8, n39474) va -0.058 (t-1.3, n14169) | passers 2
 1000-1300 t05s1: n=922 share tr>0 0.29 va>0 0.12 both 0.03 corr -0.39 | base tr -0.038/-0.010 va -0.038/-0.052 | core tr -0.006 (t-0.3, n39474) va -0.079 (t-2.5, n14169) | passers 4
 1000-1300 t1s05: n=922 share tr>0 0.65 va>0 0.08 both 0.05 corr +0.07 | base tr -0.023/-0.001 va -0.034/-0.042 | core tr -0.004 (t-0.2, n39474) va -0.062 (t-2.2, n14169) | passers 3
 1100-1400 t1s1: n=928 share tr>0 0.48 va>0 0.15 both 0.09 corr +0.31 | base tr -0.036/-0.010 va +0.003/-0.004 | core tr -0.012 (t-0.3, n30102) va -0.020 (t-0.4, n10872) | passers 0
 1100-1400 t05s1: n=928 share tr>0 0.15 va>0 0.11 both 0.02 corr -0.25 | base tr -0.046/-0.027 va -0.024/-0.036 | core tr -0.033 (t-1.3, n30102) va -0.055 (t-1.5, n10872) | passers 2
 1100-1400 t1s05: n=928 share tr>0 0.35 va>0 0.09 both 0.06 corr +0.14 | base tr -0.033/-0.015 va -0.025/-0.039 | core tr -0.015 (t-0.6, n30102) va -0.047 (t-1.3, n10872) | passers 0
  1000-1300 t1s1 [3, 2, 0, 2, 1, 0] | tr +0.151 t+1.93 n117 | va +0.212 t+2.13 n45 exb +0.184 grn 0.80 prod +0.168 | pl +0.126/+0.002 plt +0.101 | hod_fo_atr >= 1.0; dist_hod_atr >= 0.4; volumeRatio > 1.5; gap > 0
  1000-1300 t1s1 [3, 2, 0, 2, 1, 1] | tr +0.134 t+1.60 n99 | va +0.272 t+3.40 n39 exb +0.266 grn 0.80 prod +0.228 | pl +0.151/-0.008 plt +0.087 | hod_fo_atr >= 1.0; dist_hod_atr >= 0.4; volumeRatio > 1.5; gap > 0; flow3 < 0
  1000-1300 t1s05 [3, 2, 0, 2, 1, 0] | tr +0.037 t+0.92 n117 | va +0.129 t+1.64 n45 exb +0.119 grn 0.60 prod +0.069 | pl +0.090/-0.018 plt +0.028 | hod_fo_atr >= 1.0; dist_hod_atr >= 0.4; volumeRatio > 1.5; gap > 0
  1000-1130 t05s1 [2, 2, 2, 1, 1, 1] | tr +0.049 t+0.83 n196 | va +0.132 t+1.59 n75 exb +0.088 grn 0.85 prod +0.097 | pl +0.088/-0.059 plt +0.024 | hod_fo_atr >= 0.6; dist_hod_atr >= 0.4; momentum < -0.5; volumeRatio > 1; gap > 0; flow3 < 0
  1000-1130 t05s1 [2, 2, 2, 2, 1, 0] | tr +0.056 t+0.72 n79 | va +0.202 t+1.82 n37 exb +0.167 grn 0.91 prod +0.167 | pl +0.151/-0.037 plt +0.021 | hod_fo_atr >= 0.6; dist_hod_atr >= 0.4; momentum < -0.5; volumeRatio > 1.5; gap > 0
  1000-1300 t1s05 [3, 2, 0, 2, 1, 1] | tr +0.034 t+0.70 n99 | va +0.177 t+1.84 n39 exb +0.145 grn 0.70 prod +0.116 | pl +0.113/-0.006 plt +0.019 | hod_fo_atr >= 1.0; dist_hod_atr >= 0.4; volumeRatio > 1.5; gap > 0; flow3 < 0
  1000-1130 t05s1 [2, 2, 2, 2, 1, 1] | tr +0.056 t+0.69 n73 | va +0.237 t+2.24 n36 exb +0.206 grn 0.91 prod +0.203 | pl +0.191/-0.028 plt +0.012 | hod_fo_atr >= 0.6; dist_hod_atr >= 0.4; momentum < -0.5; volumeRatio > 1.5; gap > 0; flow3 < 0
  1000-1300 t05s1 [3, 2, 0, 2, 1, 0] | tr +0.038 t+0.59 n117 | va +0.197 t+2.23 n45 exb +0.150 grn 0.80 prod +0.163 | pl +0.124/+0.018 plt +0.008 | hod_fo_atr >= 1.0; dist_hod_atr >= 0.4; volumeRatio > 1.5; gap > 0
  1000-1300 t05s1 [3, 2, 1, 2, 1, 0] | tr +0.040 t+0.58 n99 | va +0.131 t+1.50 n40 exb +0.068 grn 0.70 prod +0.090 | pl +0.086/-0.054 plt +0.011 | hod_fo_atr >= 1.0; dist_hod_atr >= 0.4; momentum < 0; volumeRatio > 1.5; gap > 0
  1000-1130 t05s1 [2, 2, 0, 2, 1, 0] | tr +0.034 t+0.52 n161 | va +0.115 t+1.52 n65 exb +0.083 grn 0.71 prod +0.077 | pl +0.115/-0.050 plt +0.012 | hod_fo_atr >= 0.6; dist_hod_atr >= 0.4; volumeRatio > 1.5; gap > 0
  1000-1130 t05s1 [2, 2, 0, 2, 1, 1] | tr +0.034 t+0.49 n145 | va +0.167 t+1.95 n61 exb +0.142 grn 0.79 prod +0.131 | pl +0.133/-0.038 plt +0.004 | hod_fo_atr >= 0.6; dist_hod_atr >= 0.4; volumeRatio > 1.5; gap > 0; flow3 < 0
  1000-1300 t1s05 [3, 2, 1, 2, 1, 1] | tr +0.027 t+0.49 n85 | va +0.155 t+1.54 n34 exb +0.105 grn 0.60 prod +0.097 | pl +0.093/-0.037 plt +0.009 | hod_fo_atr >= 1.0; dist_hod_atr >= 0.4; momentum < 0; volumeRatio > 1.5; gap > 0; flow3 < 0

===== lowerhigh  configs-with-trades 19683  passers 0
 1000-1130 t1s1: n=2035 share tr>0 0.72 va>0 0.02 both 0.01 corr -0.10 | base tr -0.020/+0.002 va -0.041/-0.086 | core tr +0.020 (t+0.7, n21602) va -0.025 (t-0.5, n7940) | passers 0
 1000-1130 t05s1: n=2035 share tr>0 0.27 va>0 0.02 both 0.00 corr -0.22 | base tr -0.038/-0.022 va -0.064/-0.085 | core tr -0.021 (t-1.1, n21602) va -0.047 (t-1.3, n7940) | passers 0
 1000-1130 t1s05: n=2035 share tr>0 0.55 va>0 0.04 both 0.02 corr -0.21 | base tr -0.021/-0.008 va -0.045/-0.071 | core tr -0.014 (t-0.8, n21602) va -0.018 (t-0.6, n7940) | passers 0
 1000-1300 t1s1: n=2178 share tr>0 0.71 va>0 0.00 both 0.00 corr -0.05 | base tr -0.023/-0.008 va -0.015/-0.034 | core tr +0.016 (t+0.6, n25460) va -0.021 (t-0.5, n8970) | passers 0
 1000-1300 t05s1: n=2178 share tr>0 0.21 va>0 0.00 both 0.00 corr -0.39 | base tr -0.038/-0.026 va -0.038/-0.051 | core tr -0.023 (t-1.3, n25460) va -0.046 (t-1.5, n8970) | passers 0
 1000-1300 t1s05: n=2178 share tr>0 0.70 va>0 0.00 both 0.00 corr -0.33 | base tr -0.023/-0.012 va -0.034/-0.043 | core tr -0.015 (t-0.9, n25460) va -0.018 (t-0.7, n8970) | passers 0
 1100-1400 t1s1: n=2187 share tr>0 0.53 va>0 0.00 both 0.00 corr -0.13 | base tr -0.036/-0.028 va +0.003/-0.007 | core tr -0.015 (t-0.4, n26452) va -0.062 (t-1.0, n9283) | passers 0
 1100-1400 t05s1: n=2187 share tr>0 0.14 va>0 0.00 both 0.00 corr -0.39 | base tr -0.046/-0.039 va -0.024/-0.037 | core tr -0.035 (t-1.5, n26452) va -0.075 (t-1.6, n9283) | passers 0
 1100-1400 t1s05: n=2187 share tr>0 0.49 va>0 0.00 both 0.00 corr -0.13 | base tr -0.033/-0.024 va -0.025/-0.029 | core tr -0.017 (t-0.7, n26452) va -0.062 (t-1.4, n9283) | passers 0

===== lodbreak  configs-with-trades 15408  passers 4
 0950-1030 t1s1: n=1028 share tr>0 0.75 va>0 0.09 both 0.05 corr -0.17 | base tr +0.009/+0.017 va -0.023/-0.084 | core tr +0.045 (t+1.2, n23799) va -0.072 (t-1.1, n9244) | passers 1
 0950-1030 t05s1: n=1028 share tr>0 0.79 va>0 0.03 both 0.03 corr +0.00 | base tr -0.022/-0.005 va -0.044/-0.084 | core tr -0.001 (t-0.1, n23799) va -0.078 (t-2.0, n9244) | passers 0
 0950-1030 t1s05: n=1028 share tr>0 0.70 va>0 0.07 both 0.06 corr +0.29 | base tr -0.003/+0.002 va -0.027/-0.071 | core tr +0.014 (t+0.5, n23799) va -0.075 (t-2.2, n9244) | passers 3
 1000-1100 t1s1: n=997 share tr>0 0.20 va>0 0.02 both 0.00 corr +0.12 | base tr -0.010/-0.018 va -0.035/-0.091 | core tr +0.043 (t+1.2, n24144) va -0.053 (t-0.8, n9323) | passers 0
 1000-1100 t05s1: n=997 share tr>0 0.28 va>0 0.03 both 0.01 corr +0.12 | base tr -0.031/-0.026 va -0.055/-0.087 | core tr +0.016 (t+0.8, n24144) va -0.064 (t-1.4, n9323) | passers 0
 1000-1100 t1s05: n=997 share tr>0 0.15 va>0 0.03 both 0.01 corr +0.17 | base tr -0.014/-0.018 va -0.034/-0.071 | core tr +0.011 (t+0.4, n24144) va -0.048 (t-1.2, n9323) | passers 0
 1030-1200 t1s1: n=1112 share tr>0 0.08 va>0 0.05 both 0.00 corr -0.29 | base tr -0.035/-0.054 va -0.024/-0.071 | core tr -0.006 (t-0.2, n22006) va -0.073 (t-1.0, n8111) | passers 0
 1030-1200 t05s1: n=1112 share tr>0 0.12 va>0 0.04 both 0.00 corr -0.32 | base tr -0.049/-0.050 va -0.049/-0.073 | core tr -0.009 (t-0.4, n22006) va -0.092 (t-1.9, n8111) | passers 0
 1030-1200 t1s05: n=1112 share tr>0 0.12 va>0 0.05 both 0.00 corr -0.42 | base tr -0.033/-0.041 va -0.036/-0.060 | core tr -0.001 (t-0.0, n22006) va -0.067 (t-1.4, n8111) | passers 0
 1100-1300 t1s1: n=1214 share tr>0 0.01 va>0 0.03 both 0.00 corr -0.15 | base tr -0.029/-0.062 va -0.007/-0.064 | core tr -0.046 (t-1.2, n20502) va -0.037 (t-0.5, n7472) | passers 0
 1100-1300 t05s1: n=1214 share tr>0 0.03 va>0 0.02 both 0.00 corr -0.05 | base tr -0.042/-0.053 va -0.031/-0.064 | core tr -0.048 (t-1.8, n20502) va -0.061 (t-1.2, n7472) | passers 0
 1100-1300 t1s05: n=1214 share tr>0 0.10 va>0 0.00 both 0.00 corr -0.39 | base tr -0.027/-0.038 va -0.034/-0.071 | core tr -0.036 (t-1.3, n20502) va -0.052 (t-1.2, n7472) | passers 0
  0950-1030 t1s05 [1, 2, 0, 3, 0, 1] | tr +0.091 t+1.16 n145 | va +0.145 t+1.51 n55 exb +0.061 grn 0.36 prod +0.082 | pl +0.069/-0.084 plt +0.064 | dist_lod_atr <= 0.05; fo_atr < -0.5; vwap_atr < 0; volumeRatio > 2; rsi > 25
  0950-1030 t1s05 [1, 2, 0, 3, 1, 1] | tr +0.098 t+1.15 n127 | va +0.155 t+1.70 n50 exb +0.087 grn 0.38 prod +0.093 | pl +0.093/-0.075 plt +0.090 | dist_lod_atr <= 0.05; fo_atr < -0.5; vwap_atr < 0; volumeRatio > 2; gap > 0; rsi > 25
  0950-1030 t1s05 [1, 2, 0, 3, 1, 2] | tr +0.055 t+0.56 n102 | va +0.161 t+1.53 n37 exb +0.097 grn 0.50 prod +0.097 | pl +0.096/-0.093 plt +0.067 | dist_lod_atr <= 0.05; fo_atr < -0.5; vwap_atr < 0; volumeRatio > 2; gap > 0; rsi > 30
  0950-1030 t1s1 [1, 2, 0, 3, 0, 2] | tr +0.058 t+0.45 n108 | va +0.186 t+1.84 n39 exb +0.128 grn 0.64 prod +0.130 | pl +0.096/-0.142 plt +0.061 | dist_lod_atr <= 0.05; fo_atr < -0.5; vwap_atr < 0; volumeRatio > 2; rsi > 30
